// Jest Snapshot v1, https://goo.gl/fbAQLP

exports[`<Tools /> should render 1`] = `
.c1 {
  max-width: 1200px;
  margin: 0 auto;
  padding: 0 1.25rem;
}

.c1 > *:first-child {
  margin-top: 0;
}

.c1 > *:last-child {
  margin-bottom: 0;
}

.c0 {
  padding: 1.25rem 0;
  color: #434956;
  background-color: #fff;
}

.c12 {
  display: inline-block;
  padding: 0.625rem 1.5rem;
  font-weight: 600;
  font-size: 1rem;
  line-height: inherit;
  text-align: center;
  vertical-align: middle;
  border: 1px solid;
  border-radius: 1.5rem;
  cursor: pointer;
  -webkit-transition: background-color 250ms ease;
  transition: background-color 250ms ease;
  -webkit-appearance: none;
  -moz-appearance: none;
  appearance: none;
  color: #0c0c0e;
  background: #ebeff3;
  border-color: #ebeff3;
}

.c12:not([disabled]):hover,
.c12:not([disabled]):active,
.c12:not([disabled]):focus {
  color: #18181c;
  background: #fbfcfd;
}

.c12[disabled] {
  color: rgba(12,12,14,0.4);
  cursor: not-allowed;
}

.c7 {
  display: -webkit-box;
  display: -webkit-flex;
  display: -ms-flexbox;
  display: flex;
  -webkit-flex-wrap: wrap;
  -ms-flex-wrap: wrap;
  flex-wrap: wrap;
  -webkit-align-content: stretch;
  -ms-flex-line-pack: stretch;
  align-content: stretch;
  -webkit-align-items: stretch;
  -webkit-box-align: stretch;
  -ms-flex-align: stretch;
  align-items: stretch;
  -webkit-box-pack: start;
  -webkit-justify-content: flex-start;
  -ms-flex-pack: start;
  justify-content: flex-start;
  margin-top: 1.25rem;
  margin-right: calc(-1 * 0.625rem);
  margin-bottom: 2rem;
  margin-left: calc(-1 * 0.625rem);
  padding: 0;
  list-style-type: none;
}

.c8 {
  display: -webkit-box;
  display: -webkit-flex;
  display: -ms-flexbox;
  display: flex;
  -webkit-box-flex: 0;
  -webkit-flex-grow: 0;
  -ms-flex-positive: 0;
  flex-grow: 0;
  -webkit-flex-shrink: 1;
  -ms-flex-negative: 1;
  flex-shrink: 1;
  width: calc(100% / 4 - 2 * 0.625rem);
  margin: 0.625rem;
}

.c2 {
  margin-bottom: 0;
  color: #005994;
  font-weight: 600;
  font-size: 1.375rem;
  font-family: Muli,-apple-system,BlinkMacSystemFont,"Helvetica Neue", Helvetica,Arial,sans-serif;
  line-height: 1.4;
}

.c6 {
  color: #005994;
  font-weight: 300;
  font-size: 1rem;
  font-family: Muli,-apple-system,BlinkMacSystemFont,"Helvetica Neue", Helvetica,Arial,sans-serif;
  line-height: 1.4;
}

.c4 {
  display: -webkit-inline-box;
  display: -webkit-inline-flex;
  display: -ms-inline-flexbox;
  display: inline-flex;
  -webkit-align-items: center;
  -webkit-box-align: center;
  -ms-flex-align: center;
  align-items: center;
  color: #005994;
  -webkit-text-decoration: none;
  text-decoration: none;
}

.c4:hover {
  color: #006be6;
}

.c5 {
  margin-left: 1rem;
  color: #006be6;
  -webkit-transition: 250ms ease-out -webkit-transform;
  -webkit-transition: 250ms ease-out transform;
  transition: 250ms ease-out transform;
}

.c3:hover .c5 {
  -webkit-transform: translateX(7px);
  -ms-transform: translateX(7px);
  transform: translateX(7px);
}

.c9 {
  position: relative;
  display: -webkit-inline-box;
  display: -webkit-inline-flex;
  display: -ms-inline-flexbox;
  display: inline-flex;
  -webkit-flex: 1 1 100%;
  -ms-flex: 1 1 100%;
  flex: 1 1 100%;
  -webkit-flex-direction: column;
  -ms-flex-direction: column;
  flex-direction: column;
  -webkit-flex-wrap: wrap;
  -ms-flex-wrap: wrap;
  flex-wrap: wrap;
  -webkit-align-items: flex-start;
  -webkit-box-align: flex-start;
  -ms-flex-align: flex-start;
  align-items: flex-start;
  -webkit-box-pack: end;
  -webkit-justify-content: flex-end;
  -ms-flex-pack: end;
  justify-content: flex-end;
  box-sizing: border-box;
  margin: 0;
  padding: 1.25rem 1.5rem;
  color: #005994;
  font-weight: bold;
  font-size: 1.125rem;
  text-align: left;
  -webkit-text-decoration: none;
  text-decoration: none;
  background-color: #fff;
  border: 1px solid #c9d3df;
  border-radius: 0.25rem;
  cursor: pointer;
  -webkit-transition: 250ms all;
  transition: 250ms all;
  -webkit-appearance: none;
  -moz-appearance: none;
  appearance: none;
}

.c9:hover {
  border-color: #005994;
  box-shadow: 0 5px 10px 0 #ebeff3;
}

.c10 {
  display: block;
  max-width: 100%;
  padding-right: 0;
  overflow-y: auto;
}

.c11 {
  margin-top: 1.25rem;
}

@media print {
  .c1 {
    max-width: 100%;
    padding: 0;
  }
}

@media (max-width:980px) {
  .c8 {
    width: calc(100% / 3 - 2 * 0.625rem);
  }
}

@media (max-width:600px) {
  .c8 {
    width: calc(100% - 2 * 0.625rem);
  }
}

<div>
  <div
    class="c0"
  >
    <div
      class="c1"
    >
      <div>
        <h2
          class="c2"
        >
          <a
            class="c3 c4"
            href="/outils"
            title="Trouvez des réponses personnalisées selon votre situation"
          >
            Boîte à outils
            <svg
              aria-hidden="true"
              class="c5"
              fill="none"
              height="24"
              stroke="currentColor"
              stroke-linecap="round"
              stroke-linejoin="round"
              stroke-width="2"
              viewBox="0 0 24 24"
              width="24"
              xmlns="http://www.w3.org/2000/svg"
            >
              <polyline
                points="9 18 15 12 9 6"
              />
            </svg>
          </a>
        </h2>
        <div
          class="c6"
        >
          Trouvez des réponses personnalisées selon votre situation
        </div>
      </div>
      <ul
        class="c7"
      >
        <li
          class="c8"
        >
          <button
            class="c9"
            href=""
          >
            <div
              class="c10"
            >
              Votre convention collective
            </div>
            <div
              class="c11"
            >
              <div
                class="c12"
              >
                Rechercher
              </div>
            </div>
          </button>
        </li>
        <li
          class="c8"
        >
          <a
            class="c9"
            href="/modeles-de-courriers"
          >
            <div
              class="c10"
            >
              Modèles de courriers
            </div>
            <div
              class="c11"
            >
              <div
                class="c12"
              >
                Consulter
              </div>
            </div>
          </a>
        </li>
        <li
          class="c8"
        >
          <button
            class="c9"
            href=""
          >
            <div
              class="c10"
            >
              Bientôt d’autres outils disponibles...
            </div>
            
          </button>
        </li>
      </ul>
    </div>
  </div>
</div>
`;
