// Jest Snapshot v1, https://goo.gl/fbAQLP

exports[`<Convention /> renders 1`] = `
.c2 {
  position: relative;
  display: inline-block;
  -webkit-flex: 0 0 auto;
  -ms-flex: 0 0 auto;
  flex: 0 0 auto;
  width: 24px;
  height: 12px;
}

.c2::after,
.c2::before {
  position: absolute;
  top: 50%;
  display: block;
  width: 10px;
  height: 2px;
  background-color: currentColor;
  -webkit-transition: -webkit-transform 0.25s ease,-webkit-transform 0.25s ease;
  -webkit-transition: transform 0.25s ease,-webkit-transform 0.25s ease;
  transition: transform 0.25s ease,-webkit-transform 0.25s ease;
  content: "";
}

.c2::before {
  left: 4px;
  -webkit-transform: rotate(45deg);
  -ms-transform: rotate(45deg);
  transform: rotate(45deg);
}

[aria-expanded="true"] .c2::before,
[aria-selected="true"] .c2::before {
  -webkit-transform: rotate(-45deg);
  -ms-transform: rotate(-45deg);
  transform: rotate(-45deg);
}

.c2::after {
  right: 4px;
  -webkit-transform: rotate(-45deg);
  -ms-transform: rotate(-45deg);
  transform: rotate(-45deg);
}

[aria-expanded="true"] .c2::after,
[aria-selected="true"] .c2::after {
  -webkit-transform: rotate(45deg);
  -ms-transform: rotate(45deg);
  transform: rotate(45deg);
}

.c8 {
  position: relative;
  overflow: hidden;
}

.c8:before,
.c8:after {
  position: absolute;
  top: 0;
  bottom: 0;
  display: block;
  width: 4rem;
  opacity: 0;
  -webkit-transition: opacity 0.3s linear;
  transition: opacity 0.3s linear;
  content: "";
  pointer-events: none;
  background: radial-gradient( ellipse at center, #fff 15%, rgba(255,255,255,0) 80% );
}

.c8:before {
  left: -2rem;
}

.c8:after {
  right: -2rem;
}

.c9 {
  overflow-x: auto;
}

.c10 {
  text-align: left;
  empty-cells: show;
  background-color: #fff;
  border: 1px solid #c9d3df;
  border-collapse: collapse;
  border-spacing: 0;
}

.c10 caption {
  padding: 0.625rem 0;
  font-style: italic;
  text-align: center;
}

.c10 td,
.c10 th {
  padding: 0.625rem 1rem;
  border: 1px solid #c9d3df;
}

.c10 thead,
.c10 tfoot {
  padding: 0.625rem 1rem;
  vertical-align: bottom;
  background: #f9f9fc;
}

.c10 tfoot {
  vertical-align: top;
}

.c4 {
  margin-bottom: 2rem;
}

.c5 {
  position: relative;
  top: 1px;
  display: -webkit-box;
  display: -webkit-flex;
  display: -ms-flexbox;
  display: flex;
  -webkit-flex-wrap: nowrap;
  -ms-flex-wrap: nowrap;
  flex-wrap: nowrap;
  max-width: 100%;
  margin: 0;
  padding: 0;
  overflow-x: auto;
  list-style-type: none;
}

.c6 {
  margin-right: 0.25rem;
  padding: 0.625rem 1rem;
  color: #434956;
  font-size: 1.125rem;
  background-color: #ebeff3;
  border: 1px solid #c9d3df;
  border-bottom: 1px solid #005994;
  border-radius: 0.2rem 0.2rem 0 0;
  cursor: pointer;
}

.c6:hover {
  -webkit-text-decoration: underline;
  text-decoration: underline;
}

.c6[aria-selected="true"] {
  color: #fff;
  background-color: #005994;
}

.c7 {
  color: #434956;
  background-color: #fff;
}

.c7.react-tabs__tab-panel--selected {
  padding: 1rem;
  border: 1px solid #005994;
  border-radius: 0 0.25rem 0.25rem 0.25rem;
}

.c0 {
  padding: 0.625rem 1.25rem;
  color: #434956;
  border: 1px solid #c9d3df;
  border-radius: 0.25rem;
  background-color: #ebeff3;
  margin-bottom: 1.25rem;
}

.c0 > *:first-child {
  margin-top: 0;
}

.c0 > *:last-child {
  margin-bottom: 0;
}

.c1 {
  display: -webkit-box;
  display: -webkit-flex;
  display: -ms-flexbox;
  display: flex;
  -webkit-align-items: center;
  -webkit-box-align: center;
  -ms-flex-align: center;
  align-items: center;
  -webkit-box-pack: justify;
  -webkit-justify-content: space-between;
  -ms-flex-pack: justify;
  justify-content: space-between;
}

.c3 {
  -webkit-text-decoration: underline;
  text-decoration: underline;
}

@media (max-width:980px) {
  .c5 {
    -webkit-flex-wrap: wrap;
    -ms-flex-wrap: wrap;
    flex-wrap: wrap;
  }
}

@media (max-width:980px) {
  .c6 {
    -webkit-flex: 1 1 auto;
    -ms-flex: 1 1 auto;
    flex: 1 1 auto;
    margin: 0.25rem;
    border-bottom: 1px solid #c9d3df;
    border-radius: 0.2rem;
  }
}

@media (max-width:980px) {
  .c7.react-tabs__tab-panel--selected {
    margin-top: 0.25rem;
    border-radius: 0.25rem;
  }
}

@media (max-width:600px) {
  .c0 {
    padding: 0.625rem 1.25rem;
  }
}

@media print {
  .c0 {
    padding: 0 5pt;
    border: none;
  }
}

<div>
  <div
    class="c0"
  >
    <a
      aria-expanded="true"
      class="c1"
      href="#"
    >
      Plus d’informations sur les conventions collectives
      <div
        class="c2"
        role="presentation"
      />
    </a>
    <p
      class="c3"
    >
      Qu’est ce qu’une convention collective ?
    </p>
    <p>
      Une convention collective est un accord négocié entre des organisations syndicales de salariés et des organisations d’employeurs.
      <br />
      Elle permet d’aménager les règles issues du code du travail concernant les conditions d’emploi, la formation professionnelle, le travail des salariés et les garanties sociales aux spécificités des secteurs d’activité et géographiques concernés. Elle peut également prévoir d’autres mesures qui ne sont pas prévues par le code du travail.
    </p>
    <p
      class="c3"
    >
      Une convention collective de branche s’applique-t-elle à ma situation ?
    </p>
    <p>
      Pour pouvoir s’appliquer à vous, la convention collective de branche doit être applicable à votre entreprise.
      <br />
      L’employeur a l’obligation d’appliquer la convention collective lorsque l’entreprise entre dans le champ d’application professionnel et géographie défini par la convention et que :
    </p>
    <ul>
      <li>
        La convention collective de branche a été étendue par le ministère du travail.
      </li>
      <li>
        L’entreprise est adhérente à une organisation patronale signataire de la convention collective.
      </li>
    </ul>
  </div>
  <div
    class="c4"
    data-tabs="true"
  >
    <ul
      class="c5"
      role="tablist"
    >
      <li
        aria-controls="react-tabs-1"
        aria-disabled="false"
        aria-selected="true"
        class="c6 react-tabs__tab--selected"
        id="react-tabs-0"
        role="tab"
        tabindex="0"
      >
        Informations
      </li>
      <li
        aria-controls="react-tabs-3"
        aria-disabled="false"
        aria-selected="false"
        class="c6"
        id="react-tabs-2"
        role="tab"
      >
        Texte de base
      </li>
      <li
        aria-controls="react-tabs-5"
        aria-disabled="false"
        aria-selected="false"
        class="c6"
        id="react-tabs-4"
        role="tab"
      >
        Texte attachés
      </li>
      <li
        aria-controls="react-tabs-7"
        aria-disabled="false"
        aria-selected="false"
        class="c6"
        id="react-tabs-6"
        role="tab"
      >
        Texte salaires
      </li>
    </ul>
    <div
      aria-labelledby="react-tabs-0"
      class="c7 react-tabs__tab-panel--selected"
      id="react-tabs-1"
      role="tabpanel"
    >
      <div
        class="c8"
      >
        <div
          class="c9"
        >
          <table
            class="c10"
          >
            <tbody>
              <tr>
                <th>
                  IDCC
                </th>
                <td>
                  3205
                </td>
              </tr>
              <tr>
                <th>
                  Date d’entrée en vigueur
                </th>
                <td>
                  01/01/2019
                </td>
              </tr>
              <tr>
                <th>
                  Categories
                </th>
                <td>
                  <div>
                    Coopératives de consommation (23 novembre 2018)
                  </div>
                </td>
              </tr>
            </tbody>
          </table>
        </div>
      </div>
      <p>
        <a
          href="https://www.legifrance.gouv.fr/affichIDCC.do?idConvention=KALICONT000030185307"
          rel="noopener noreferrer"
          target="_blank"
        >
          Voir la convention sur Legifrance
        </a>
      </p>
    </div>
    <div
      aria-labelledby="react-tabs-2"
      class="c7"
      id="react-tabs-3"
      role="tabpanel"
    />
    <div
      aria-labelledby="react-tabs-4"
      class="c7"
      id="react-tabs-5"
      role="tabpanel"
    />
    <div
      aria-labelledby="react-tabs-6"
      class="c7"
      id="react-tabs-7"
      role="tabpanel"
    />
  </div>
</div>
`;
