// Jest Snapshot v1, https://goo.gl/fbAQLP

exports[`<Info /> renders 1`] = `
.c0 {
  position: relative;
  overflow: hidden;
}

.c0:before,
.c0:after {
  position: absolute;
  top: 0;
  bottom: 0;
  display: block;
  width: 4rem;
  opacity: 0;
  -webkit-transition: opacity 0.3s linear;
  transition: opacity 0.3s linear;
  content: "";
  pointer-events: none;
  background: radial-gradient( ellipse at center, #fff 15%, rgba(255,255,255,0) 80% );
}

.c0:before {
  left: -2rem;
}

.c0:after {
  right: -2rem;
}

.c1 {
  overflow-x: auto;
}

.c2 {
  text-align: left;
  empty-cells: show;
  background-color: #fff;
  border: 1px solid #c9d3df;
  border-collapse: collapse;
  border-spacing: 0;
}

.c2 caption {
  padding: 0.625rem 0;
  font-style: italic;
  text-align: center;
}

.c2 td,
.c2 th {
  padding: 0.625rem 1rem;
  border: 1px solid #c9d3df;
}

.c2 thead,
.c2 tfoot {
  padding: 0.625rem 1rem;
  vertical-align: bottom;
  background: #f9f9fc;
}

.c2 tfoot {
  vertical-align: top;
}

<div>
  <div
    class="c0"
  >
    <div
      class="c1"
    >
      <table
        class="c2"
      >
        <tbody>
          <tr>
            <th>
              IDCC
            </th>
            <td>
              3205
            </td>
          </tr>
          <tr>
            <th>
              Date d’entrée en vigueur
            </th>
            <td>
              01/01/2019
            </td>
          </tr>
          <tr>
            <th>
              Categories
            </th>
            <td>
              <div>
                Coopératives de consommation (23 novembre 2018)
              </div>
            </td>
          </tr>
        </tbody>
      </table>
    </div>
  </div>
  <p>
    <a
      href="https://www.legifrance.gouv.fr/affichIDCC.do?idConvention=KALICONT000030185307"
      rel="noopener noreferrer"
      target="_blank"
    >
      Voir la convention sur Legifrance
    </a>
  </p>
</div>
`;
