// Jest Snapshot v1, https://goo.gl/fbAQLP

exports[`return item from its id 1`] = `
Object {
  "_id": "6",
  "_index": "cdtn_document_test",
  "_primary_term": 1,
  "_seq_no": 6,
  "_source": Object {
    "date_debut": "2008-05-01",
    "date_fin": "2999-01-01",
    "html": "<p><br/>Le salarié informe son employeur de sa démission, en application de l'article L. 1225-66, par lettre recommandée avec avis de réception ou remise contre récépissé. <br/>Il adresse à l'employeur sa demande de réembauche, en application de l'article L. 1225-67, par lettre recommandée avec avis de réception ou remise contre récépissé.</p>",
    "path": "/Contrat de travail/Maternité, Paternité/Congés d'éducation des enfants/Démission pour élever enfant",
    "slug": "r1225-18",
    "source": "code_du_travail",
    "text": "Le salarié informe son employeur de sa démission, en application de l'article L. 1225-66, par lettre recommandée avec avis de réception ou remise contre récépissé. Il adresse à l'employeur sa demande de réembauche, en application de l'article L. 1225-67, par lettre recommandée avec avis de réception ou remise contre récépissé.",
    "themes": "31500",
    "title": "Article R1225-18",
    "url": "https://www.legifrance.gouv.fr/affichCodeArticle.do?idArticle=LEGIARTI000018537778&cidTexte=LEGITEXT000006072050",
  },
  "_type": "_doc",
  "_version": 1,
  "found": true,
}
`;

exports[`return item from source and slug  1`] = `
Object {
  "_id": "2",
  "_index": "cdtn_document_test",
  "_score": 11.923078,
  "_source": Object {
    "breadcrumbs": Array [
      Object {
        "id": 7,
        "label": "Départ de l'entreprise",
        "parent": null,
        "slug": "7-depart-de-lentreprise",
      },
      Object {
        "id": 37,
        "label": "Démission",
        "parent": "7-depart-de-lentreprise",
        "slug": "37-demission",
      },
    ],
    "date": "18/01/2019",
    "description": "La démission permet au salarié de rompre son CDI de sa propre initiative. Si un délai de préavis est prévu, il doit être respecté.",
    "html": "<p>La démission permet au salarié de rompre son contrat de travail à durée indéterminée de sa propre initiative, à condition de manifester clairement sa volonté de démissionner et de respecter le délai de préavis éventuellement prévu, sauf dispense accordée par l’employeur ou prévue par la convention collective (celle-ci peut, par exemple, prévoir que le salarié est libéré de son préavis lorsqu’il a trouvé un autre emploi).<br class=\\"manualbr\\">Des facilités de recherche d’emploi peuvent être prévues par la convention collective.</p> <p>Le Code du travail ne prévoit aucune forme particulière pour présenter sa démission&nbsp;: elle peut être verbale, écrite ou résulter d’un comportement sans ambiguïté du salarié (ce qui n’est pas le cas, par exemple, de la seule absence du salarié à son poste de travail ou de l’absence de reprise du travail à l’issue des congés payés).</p><p>Toutefois, pour éviter les contestations sur l’intention même de démissionner ou sur la date de la fin du contrat de travail, le salarié a intérêt à remettre sa démission par écrit (si possible par lettre recommandée avec avis de réception). L’écrit permet également de définir le début du préavis.</p><p>Certaines conventions collectives prévoient d’ailleurs que la démission doit être écrite et adressée par lettre recommandée avec avis  de réception. La démission ne peut être exigée par avance, par exemple, lors de la signature du contrat de travail ou au cours de son exécution.</p>",
    "slug": "demission-comment-presenter-une-demission",
    "title": "Démission : comment présenter une démission ?",
    "url": "https://travail-emploi.gouv.fr/droit-du-travail/la-rupture-du-contrat-de-travail/article/la-demission#Comment-presenter-une-demission",
  },
  "_type": "_doc",
  "relatedItems": Array [
    Object {
      "_id": "2",
      "_index": "cdtn_document_test",
      "_score": 24.42747,
      "_source": Object {
        "anchor": "#Comment-presenter-une-demission",
        "breadcrumbs": Array [
          Object {
            "id": 7,
            "label": "Départ de l'entreprise",
            "parent": null,
            "slug": "7-depart-de-lentreprise",
          },
          Object {
            "id": 37,
            "label": "Démission",
            "parent": "7-depart-de-lentreprise",
            "slug": "37-demission",
          },
        ],
        "description": "La démission permet au salarié de rompre son CDI de sa propre initiative. Si un délai de préavis est prévu, il doit être respecté.",
        "slug": "demission-comment-presenter-une-demission",
        "source": "fiches_ministere_travail",
        "title": "Démission : comment présenter une démission ?",
        "url": "https://travail-emploi.gouv.fr/droit-du-travail/la-rupture-du-contrat-de-travail/article/la-demission#Comment-presenter-une-demission",
      },
      "_type": "_doc",
      "key": "fiches_ministere_travaildemission-comment-presenter-une-demission",
    },
    Object {
      "_id": "5",
      "_index": "cdtn_document_test",
      "_score": 8.826712,
      "_source": Object {
        "breadcrumbs": Array [
          Object {
            "id": 7,
            "label": "Départ de l'entreprise",
            "parent": null,
            "slug": "7-depart-de-lentreprise",
          },
        ],
        "description": "L'assistante maternelle (ou assistant maternel) agréée qui souhaite rompre son contrat de travail doit informer le particulier employeur par écrit et respecter un préavis. Au terme de celui-ci, l'employeur remet les documents de fin de contrat.",
        "slug": "demission-dune-assistante-maternelle",
        "source": "fiches_service_public",
        "title": "Démission d'une assistante maternelle",
        "url": "https://www.service-public.fr/particuliers/vosdroits/F33164",
      },
      "_type": "_doc",
      "key": "fiches_service_publicdemission-dune-assistante-maternelle",
    },
    Object {
      "_id": "4",
      "_index": "cdtn_document_test",
      "_score": 7.251914,
      "_source": Object {
        "breadcrumbs": Array [
          Object {
            "id": 7,
            "label": "Départ de l'entreprise",
            "parent": null,
            "slug": "7-depart-de-lentreprise",
          },
          Object {
            "id": 37,
            "label": "Démission",
            "parent": "7-depart-de-lentreprise",
            "slug": "37-demission",
          },
        ],
        "description": "La démission permet au salarié, à son initiative, de rompre son contrat de travail, sous conditions.",
        "slug": "demission-dun-salarie",
        "source": "fiches_service_public",
        "title": "Démission d'un salarié",
        "url": "https://www.service-public.fr/particuliers/vosdroits/F2883",
      },
      "_type": "_doc",
      "key": "fiches_service_publicdemission-dun-salarie",
    },
    Object {
      "_id": "3",
      "_index": "cdtn_document_test",
      "_score": 3.6666427,
      "_source": Object {
        "anchor": "#L-absence-prolongee-du-salarie-est-elle-une-demission",
        "breadcrumbs": Array [
          Object {
            "id": 7,
            "label": "Départ de l'entreprise",
            "parent": null,
            "slug": "7-depart-de-lentreprise",
          },
          Object {
            "id": 37,
            "label": "Démission",
            "parent": "7-depart-de-lentreprise",
            "slug": "37-demission",
          },
        ],
        "description": "La démission permet au salarié de rompre son CDI de sa propre initiative. Si un délai de préavis est prévu, il doit être respecté.",
        "slug": "demission-labsence-prolongee-du-salarie-est-elle-une-demission",
        "source": "fiches_ministere_travail",
        "title": "Démission : l’absence prolongée du salarié est-elle une démission ?",
        "url": "https://travail-emploi.gouv.fr/droit-du-travail/la-rupture-du-contrat-de-travail/article/la-demission#L-absence-prolongee-du-salarie-est-elle-une-demission",
      },
      "_type": "_doc",
      "key": "fiches_ministere_travaildemission-labsence-prolongee-du-salarie-est-elle-une-demission",
    },
  ],
}
`;
