// Jest Snapshot v1, https://goo.gl/fbAQLP

exports[`return all modeles results 1`] = `
Object {
  "hits": Array [
    Object {
      "_id": "10",
      "_index": "cdtn_document_test",
      "_score": null,
      "_source": Object {
        "filename": "fin-periode-essai-initiative-employeur.docx",
        "slug": "rupture-de-periode-dessai",
        "title": "Rupture de période d'essai",
      },
      "_type": "_doc",
      "sort": Array [
        9223372036854776000,
      ],
    },
    Object {
      "_id": "11",
      "_index": "cdtn_document_test",
      "_score": null,
      "_source": Object {
        "filename": "fin-periode-essai-initiative-du-salarie.docx",
        "slug": "rupture-du-contrat-en-periode-dessai",
        "title": "Rupture du contrat en période d'essai",
      },
      "_type": "_doc",
      "sort": Array [
        9223372036854776000,
      ],
    },
  ],
  "max_score": null,
  "total": Object {
    "relation": "eq",
    "value": 2,
  },
}
`;
