// Jest Snapshot v1, https://goo.gl/fbAQLP

exports[`<Home /> should render 1`] = `
.c8 {
  max-width: 1200px;
  margin: 0 auto;
  padding: 0 1.25rem;
}

.c8 > *:first-child {
  margin-top: 0;
}

.c8 > *:last-child {
  margin-bottom: 0;
}

.c22 {
  padding: 1.25rem 0;
  color: #434956;
  background-color: #fff;
}

.c35 {
  padding: 1.25rem 0;
  color: #434956;
}

.c20 {
  display: inline-block;
  padding: 0.625rem 1.5rem;
  font-weight: 600;
  font-size: 1rem;
  line-height: inherit;
  text-align: center;
  vertical-align: middle;
  border: 1px solid;
  border-radius: 1.5rem;
  cursor: pointer;
  -webkit-transition: background-color 250ms ease;
  transition: background-color 250ms ease;
  -webkit-appearance: none;
  -moz-appearance: none;
  appearance: none;
  color: #fff;
  background: #005994;
  border-color: #005994;
}

.c20:not([disabled]):hover,
.c20:not([disabled]):active,
.c20:not([disabled]):focus {
  color: #fff;
  background: #0068ae;
}

.c20[disabled] {
  color: rgba(255,255,255,0.4);
  cursor: not-allowed;
}

.c33 {
  display: inline-block;
  padding: 0.625rem 1.5rem;
  font-weight: 600;
  font-size: 1rem;
  line-height: inherit;
  text-align: center;
  vertical-align: middle;
  border: 1px solid;
  border-radius: 1.5rem;
  cursor: pointer;
  -webkit-transition: background-color 250ms ease;
  transition: background-color 250ms ease;
  -webkit-appearance: none;
  -moz-appearance: none;
  appearance: none;
  color: #0c0c0e;
  background: #ebeff3;
  border-color: #ebeff3;
}

.c33:not([disabled]):hover,
.c33:not([disabled]):active,
.c33:not([disabled]):focus {
  color: #18181c;
  background: #fbfcfd;
}

.c33[disabled] {
  color: rgba(12,12,14,0.4);
  cursor: not-allowed;
}

.c28 {
  display: -webkit-box;
  display: -webkit-flex;
  display: -ms-flexbox;
  display: flex;
  -webkit-flex-wrap: wrap;
  -ms-flex-wrap: wrap;
  flex-wrap: wrap;
  -webkit-align-content: stretch;
  -ms-flex-line-pack: stretch;
  align-content: stretch;
  -webkit-align-items: stretch;
  -webkit-box-align: stretch;
  -ms-flex-align: stretch;
  align-items: stretch;
  -webkit-box-pack: start;
  -webkit-justify-content: flex-start;
  -ms-flex-pack: start;
  justify-content: flex-start;
  margin-top: 1.25rem;
  margin-right: calc(-1 * 0.625rem);
  margin-bottom: 2rem;
  margin-left: calc(-1 * 0.625rem);
  padding: 0;
  list-style-type: none;
}

.c29 {
  display: -webkit-box;
  display: -webkit-flex;
  display: -ms-flexbox;
  display: flex;
  -webkit-box-flex: 0;
  -webkit-flex-grow: 0;
  -ms-flex-positive: 0;
  flex-grow: 0;
  -webkit-flex-shrink: 1;
  -ms-flex-negative: 1;
  flex-shrink: 1;
  width: calc(100% / 4 - 2 * 0.625rem);
  margin: 0.625rem;
}

.c23 {
  margin-bottom: 0;
  color: #005994;
  font-weight: 600;
  font-size: 1.375rem;
  font-family: Muli,-apple-system,BlinkMacSystemFont,"Helvetica Neue", Helvetica,Arial,sans-serif;
  line-height: 1.4;
}

.c27 {
  color: #005994;
  font-weight: 300;
  font-size: 1rem;
  font-family: Muli,-apple-system,BlinkMacSystemFont,"Helvetica Neue", Helvetica,Arial,sans-serif;
  line-height: 1.4;
}

.c25 {
  display: -webkit-inline-box;
  display: -webkit-inline-flex;
  display: -ms-inline-flexbox;
  display: inline-flex;
  -webkit-align-items: center;
  -webkit-box-align: center;
  -ms-flex-align: center;
  align-items: center;
  color: #005994;
  -webkit-text-decoration: none;
  text-decoration: none;
}

.c25:hover {
  color: #006be6;
}

.c26 {
  margin-left: 1rem;
  color: #006be6;
  -webkit-transition: 250ms ease-out -webkit-transform;
  -webkit-transition: 250ms ease-out transform;
  transition: 250ms ease-out transform;
}

.c24:hover .c26 {
  -webkit-transform: translateX(7px);
  -ms-transform: translateX(7px);
  transform: translateX(7px);
}

.c42 {
  margin: 0;
  padding: 0;
  list-style-type: none;
}

.c17:not(:focus):not(:active) {
  position: absolute;
  width: 1px;
  height: 1px;
  margin: -1px;
  padding: 0;
  overflow: hidden;
  border: 0;
  -webkit-clip: rect(0,0,0,0);
  clip: rect(0,0,0,0);
}

.c30 {
  position: relative;
  display: -webkit-inline-box;
  display: -webkit-inline-flex;
  display: -ms-inline-flexbox;
  display: inline-flex;
  -webkit-flex: 1 1 100%;
  -ms-flex: 1 1 100%;
  flex: 1 1 100%;
  -webkit-flex-direction: column;
  -ms-flex-direction: column;
  flex-direction: column;
  -webkit-flex-wrap: wrap;
  -ms-flex-wrap: wrap;
  flex-wrap: wrap;
  -webkit-align-items: flex-start;
  -webkit-box-align: flex-start;
  -ms-flex-align: flex-start;
  align-items: flex-start;
  -webkit-box-pack: end;
  -webkit-justify-content: flex-end;
  -ms-flex-pack: end;
  justify-content: flex-end;
  box-sizing: border-box;
  margin: 0;
  padding: 1.25rem 1.5rem;
  color: #005994;
  font-weight: bold;
  font-size: 1.125rem;
  text-align: left;
  -webkit-text-decoration: none;
  text-decoration: none;
  background-color: #fff;
  border: 1px solid #c9d3df;
  border-radius: 0.25rem;
  cursor: pointer;
  -webkit-transition: 250ms all;
  transition: 250ms all;
  -webkit-appearance: none;
  -moz-appearance: none;
  appearance: none;
}

.c30:hover {
  border-color: #005994;
  box-shadow: 0 5px 10px 0 #ebeff3;
}

.c31 {
  display: block;
  max-width: 100%;
  padding-right: 0;
  overflow-y: auto;
}

.c32 {
  margin-top: 1.25rem;
}

.c16 {
  display: -webkit-box;
  display: -webkit-flex;
  display: -ms-flexbox;
  display: flex;
  -webkit-flex: 1;
  -ms-flex: 1;
  flex: 1;
  text-align: left;
}

.c19 ul {
  z-index: 100;
}

.c19 li[role="option"]:nth-child(2n + 1) {
  background: #f9f9fc;
}

.c14 {
  position: relative;
  display: -webkit-box;
  display: -webkit-flex;
  display: -ms-flexbox;
  display: flex;
  margin: 0 auto;
  padding: 0;
}

.c15 {
  position: absolute;
  top: 0;
  left: 0;
  width: 1.3rem;
  height: 1.3rem;
  margin: 1rem 0 0 1.25rem;
}

.c18 {
  display: -webkit-box;
  display: -webkit-flex;
  display: -ms-flexbox;
  display: flex;
  width: 100%;
  height: 50px;
  margin: 0;
  padding: 0 1rem 0 4rem;
  font-size: inherit;
  font-family: inherit;
  background: #f9f9fc;
  border: 1px solid #c9d3df;
  border-radius: 1.5rem;
  -webkit-transition: border 250ms ease;
  transition: border 250ms ease;
  -webkit-appearance: none;
  -moz-appearance: none;
  appearance: none;
}

.c18:focus {
  border-color: #006be6;
  outline: none;
}

.c21 {
  margin-left: 0.5rem;
}

.c7 {
  padding: 1.25rem 0;
  color: #434956;
  background-color: #fff;
  padding-bottom: 2.5rem;
  background-color: #e5f1fe;
}

.c9 {
  margin-top: 0;
  color: #005994;
  line-height: 1.4;
}

.c10 {
  margin-bottom: 0;
  line-height: 1.1;
}

.c11 {
  font-weight: bold;
}

.c12 {
  display: block;
  margin-bottom: 0.625rem;
  color: #005994;
  font-size: 1.375rem;
}

.c13 {
  width: 750px;
  margin: 0;
}

.c0 {
  background: #fff;
}

.c1 {
  max-width: 1200px;
  margin: 0 auto;
  padding: 0 1.25rem;
  display: -webkit-box;
  display: -webkit-flex;
  display: -ms-flexbox;
  display: flex;
  -webkit-align-items: center;
  -webkit-box-align: center;
  -ms-flex-align: center;
  align-items: center;
  -webkit-box-pack: justify;
  -webkit-justify-content: space-between;
  -ms-flex-pack: justify;
  justify-content: space-between;
  padding: 1.25rem;
}

.c1 > *:first-child {
  margin-top: 0;
}

.c1 > *:last-child {
  margin-bottom: 0;
}

.c2 {
  display: -webkit-box;
  display: -webkit-flex;
  display: -ms-flexbox;
  display: flex;
  -webkit-align-items: center;
  -webkit-box-align: center;
  -ms-flex-align: center;
  align-items: center;
  -webkit-box-pack: center;
  -webkit-justify-content: center;
  -ms-flex-pack: center;
  justify-content: center;
}

.c3 {
  display: -webkit-box;
  display: -webkit-flex;
  display: -ms-flexbox;
  display: flex;
  -webkit-align-items: center;
  -webkit-box-align: center;
  -ms-flex-align: center;
  align-items: center;
  -webkit-text-decoration: none;
  text-decoration: none;
}

.c4 {
  width: 5rem;
  height: 100%;
  margin-right: 1rem;
}

.c5 {
  font-weight: bold;
  font-size: 1.125rem;
  line-height: 1.2;
}

.c6 {
  display: inline-block;
  padding: 0.5rem 0.625rem;
  font-weight: bold;
  font-size: 0.875rem;
  line-height: 1rem;
  white-space: nowrap;
  text-align: center;
  border-radius: 0.25rem;
  color: #0c0c0e;
  background: #e5f1fe;
  margin-left: 1.25rem;
}

.c36 {
  max-width: 1200px;
  margin: 0 auto;
  padding: 0 1.25rem;
  text-align: center;
}

.c36 > *:first-child {
  margin-top: 0;
}

.c36 > *:last-child {
  margin-bottom: 0;
}

.c37 {
  max-width: 1200px;
  margin: 0 auto;
  padding: 0 1.25rem;
  max-width: 46.25rem;
  padding: 0;
  margin-bottom: 1.25rem;
  text-align: left;
}

.c37 > *:first-child {
  margin-top: 0;
}

.c37 > *:last-child {
  margin-bottom: 0;
}

.c38 {
  max-width: 1200px;
  margin: 0 auto;
  padding: 0 1.25rem;
  display: -webkit-box;
  display: -webkit-flex;
  display: -ms-flexbox;
  display: flex;
  -webkit-box-pack: justify;
  -webkit-justify-content: space-between;
  -ms-flex-pack: justify;
  justify-content: space-between;
}

.c38 > *:first-child {
  margin-top: 0;
}

.c38 > *:last-child {
  margin-bottom: 0;
}

.c40 + .c39 {
  padding-left: 1rem;
}

.c41 {
  font-weight: bold;
  font-size: 1rem;
}

.c43 {
  margin: 0.5rem 0;
}

.c43 a,
.c43 a:visited {
  color: #434956;
}

@media print {
  .c8 {
    max-width: 100%;
    padding: 0;
  }
}

@media (max-width:980px) {
  .c29 {
    width: calc(100% / 3 - 2 * 0.625rem);
  }
}

@media (max-width:600px) {
  .c29 {
    width: calc(100% - 2 * 0.625rem);
  }
}

@media (max-width:600px) {
  .c14 {
    -webkit-flex-direction: column;
    -ms-flex-direction: column;
    flex-direction: column;
    height: auto;
  }
}

@media (max-width:600px) {
  .c15 {
    display: none;
  }
}

@media (max-width:600px) {
  .c18 {
    padding: 0 1rem;
  }
}

@media (max-width:600px) {
  .c21 {
    margin-top: 0.625rem;
    margin-left: 0;
  }
}

@media print {
  .c7 {
    display: none;
  }
}

@media (max-width:980px) {
  .c13 {
    width: 100%;
  }
}

@media (max-width:600px) {
  .c13 {
    width: 100%;
    max-width: 400px;
  }
}

@media print {
  .c1 {
    max-width: 100%;
    padding: 0;
  }
}

@media (max-width:980px) {
  .c1 {
    -webkit-flex-direction: column;
    -ms-flex-direction: column;
    flex-direction: column;
  }
}

@media (max-width:600px) {
  .c1 {
    -webkit-align-items: flex-start;
    -webkit-box-align: flex-start;
    -ms-flex-align: flex-start;
    align-items: flex-start;
  }
}

@media print {
  .c34 {
    display: none;
  }
}

@media print {
  .c36 {
    max-width: 100%;
    padding: 0;
  }
}

@media print {
  .c37 {
    max-width: 100%;
    padding: 0;
  }
}

@media print {
  .c38 {
    max-width: 100%;
    padding: 0;
  }
}

@media (max-width:600px) {
  .c38 {
    -webkit-flex-direction: column;
    -ms-flex-direction: column;
    flex-direction: column;
  }
}

@media (max-width:600px) {
  .c40 + .c39 {
    padding-left: 0;
  }
}

<div>
  <header
    class="c0"
  >
    <div
      class="c1"
    >
      <div
        class="c2"
      >
        <a
          class="c3"
          href="/"
          title="Code du travail numérique - retour à l'accueil"
        >
          <img
            alt="symbole de la Marianne, site officiel du gouvernement"
            class="c4"
            src="/static/assets/img/marianne.svg"
          />
          <span
            class="c5"
          >
            Code du travail
            <br />
            numérique
          </span>
        </a>
        <div
          class="c6"
        >
          Version Bêta
        </div>
      </div>
    </div>
  </header>
  <main
    id="main"
  >
    <div
      class="c7"
    >
      <div
        class="c8"
      >
        <header
          class="c9"
        >
          <h1
            class="c10"
          >
            Bienvenue sur 
            <br />
            <span
              class="c11"
            >
              le Code du travail numérique
            </span>
          </h1>
          <p
            class=""
          >
            Vous cherchez une information sur le droit du travail ? Vous avez besoin d’accompagnement ?
            <br />
            Nous vous proposons des réponses accessibles et personnalisées selon votre situation.
          </p>
        </header>
        <label
          class="c12"
          for="searchbar"
        >
           Recherchez par mots clefs
        </label>
        <div
          class="c13"
        >
          <form
            class="c14"
          >
            <svg
              class="c15"
              viewBox="0 0 20 20"
            >
              <title />
              <path
                d="M17.876 8.939c0 2.197-.819 4.208-2.123 5.773l4.023 4.022a.72.72 0 0 1 0 1.043.735.735 0 0 1-.522.223.736.736 0 0 1-.52-.223l-4.023-4.023a8.813 8.813 0 0 1-5.772 2.123C4.022 17.877 0 13.855 0 8.939 0 4.022 4.023 0 8.939 0c4.915 0 8.937 4.023 8.937 8.939zM9.001 16.5c4.124 0 7.499-3.375 7.499-7.5S13.125 1.5 9 1.5C4.877 1.5 1.5 4.875 1.5 9s3.376 7.5 7.5 7.5z"
                fill="currentColor"
                fill-rule="evenodd"
              />
            </svg>
            <label
              class="c16"
              for="searchbar"
            >
              <span
                class="c17"
              >
                Rechercher
              </span>
              <div
                aria-expanded="false"
                aria-haspopup="listbox"
                aria-owns="react-autowhatever-cdtn-documents-suggester"
                role="combobox"
                style="flex: 1;"
              >
                <input
                  aria-autocomplete="list"
                  aria-controls="react-autowhatever-cdtn-documents-suggester"
                  autocomplete="off"
                  class="c18"
                  id="searchbar"
                  name="query"
                  placeholder="Recherche"
                  type="search"
                  value=""
                />
                <div
                  class="c19"
                  id="react-autowhatever-cdtn-documents-suggester"
                  role="listbox"
                />
              </div>
            </label>
            <button
              class="c20 c21"
              type="submit"
            >
              Rechercher
            </button>
          </form>
        </div>
      </div>
    </div>
    <div
      class="c22"
    >
      <div
        class="c8"
      >
        <div>
          <h2
            class="c23"
          >
            <a
              class="c24 c25"
              href="/outils"
              title="Trouvez des réponses personnalisées selon votre situation"
            >
              Boîte à outils
              <svg
                aria-hidden="true"
                class="c26"
                fill="none"
                height="24"
                stroke="currentColor"
                stroke-linecap="round"
                stroke-linejoin="round"
                stroke-width="2"
                viewBox="0 0 24 24"
                width="24"
                xmlns="http://www.w3.org/2000/svg"
              >
                <polyline
                  points="9 18 15 12 9 6"
                />
              </svg>
            </a>
          </h2>
          <div
            class="c27"
          >
            Trouvez des réponses personnalisées selon votre situation
          </div>
        </div>
        <ul
          class="c28"
        >
          <li
            class="c29"
          >
            <button
              class="c30"
              href=""
            >
              <div
                class="c31"
              >
                Votre convention collective
              </div>
              <div
                class="c32"
              >
                <div
                  class="c33"
                >
                  Rechercher
                </div>
              </div>
            </button>
          </li>
          <li
            class="c29"
          >
            <a
              class="c30"
              href="/modeles-de-courriers"
            >
              <div
                class="c31"
              >
                Modèles de courriers
              </div>
              <div
                class="c32"
              >
                <div
                  class="c33"
                >
                  Consulter
                </div>
              </div>
            </a>
          </li>
          <li
            class="c29"
          >
            <button
              class="c30"
              href=""
            >
              <div
                class="c31"
              >
                Bientôt d’autres outils disponibles...
              </div>
              
            </button>
          </li>
        </ul>
      </div>
    </div>
  </main>
  <footer
    class="c34"
  >
    <div
      class="c35"
    >
      <div
        class="c36"
      >
        <h2>
          Besoin d’un accompagnement personnalisé ?
        </h2>
        <div
          class="c37"
        >
          Les services de renseignement en droit du travail peuvent vous donner des informations juridiques générales relatives au Code du travail, aux conventions collectives, à la jurisprudence. Ils peuvent également vous conseiller et vous orienter dans vos démarches.
        </div>
        <button
          class="c20"
        >
          Contacter les services de renseignement
        </button>
      </div>
    </div>
    <div
      class="c35"
    >
      <div
        class="c38"
      >
        <div
          class="c39 c40"
        >
          <h3
            class="c41"
          >
            Code du travail numérique
          </h3>
          <ul
            class="c42"
          >
            <li
              class="c43"
            >
              <a
                href="/droit-du-travail"
              >
                Le droit du travail
              </a>
            </li>
            <li
              class="c43"
            >
              <a
                href="/glossaire"
              >
                Glossaire
              </a>
            </li>
            <li
              class="c43"
            >
              <a
                href="/a-propos"
              >
                À propos
              </a>
            </li>
            <li
              class="c43"
            >
              <a
                href="/mentions-legales"
              >
                Mentions légales
              </a>
            </li>
            <li
              class="c43"
            >
              <a
                href="mailto:codedutravailnumerique@travail.gouv.fr"
              >
                Contact
              </a>
            </li>
          </ul>
        </div>
        <div
          class="c39 c40"
        >
          <h3
            class="c41"
          >
            Aidez-nous à améliorer cet outil
          </h3>
          <ul
            class="c42"
          >
            <li
              class="c43"
            >
              <a
                href="https://github.com/SocialGouv/code-du-travail-numerique/tree/vX.Y.Z"
                rel="noopener noreferrer"
                target="_blank"
              >
                Contribuer sur Github
              </a>
            </li>
            <li
              class="c43"
            >
              <a
                href="https://github.com/SocialGouv/code-du-travail-numerique/releases/tag/vX.Y.Z"
                rel="noopener noreferrer"
                target="_blank"
              >
                Journal des modifications
              </a>
            </li>
          </ul>
        </div>
        <div
          class="c39 c40"
        >
          <h3
            class="c41"
          >
            En collaboration avec
          </h3>
          <ul
            class="c42"
          >
            <li
              class="c43"
            >
              <a
                href="https://travail-emploi.gouv.fr/ministere/organisation/article/dgt-direction-generale-du-travail"
                rel="noopener noreferrer"
                target="_blank"
              >
                La Direction Générale du Travail
              </a>
            </li>
            <li
              class="c43"
            >
              <a
                href="https://incubateur.social.gouv.fr/"
                rel="noopener noreferrer"
                target="_blank"
              >
                L’incubateur des ministères sociaux
              </a>
            </li>
            <li
              class="c43"
            >
              <a
                href="https://beta.gouv.fr/"
                rel="noopener noreferrer"
                target="_blank"
              >
                beta.gouv.fr
              </a>
            </li>
          </ul>
        </div>
      </div>
    </div>
  </footer>
</div>
`;
